// 重构日志: e7a00499
// 重构日志: 016b4aa0
// 重构日志: 32f73c35
// 重构日志: 7821dd8c
// 同步 ID: 540890bb @ Wed Jul 15 06:29:59 UTC 2026
// 同步 ID: c4a989a7 @ Thu Jul 16 00:36:07 UTC 2026
// 重构日志: 0aac20ad
// 重构日志: b3c20b80
// 同步 ID: 1bf0aea9 @ Thu Jul 16 10:17:36 UTC 2026
// 同步 ID: 43a6458d @ Thu Jul 16 12:36:15 UTC 2026
// 同步 ID: 947e2db6 @ Fri Jul 17 11:42:38 UTC 2026
// 重构日志: eb9d40ad
// 重构日志: 32569d58
// 同步 ID: a54e5cf1 @ Sat Jul 18 18:14:52 UTC 2026
// 同步 ID: 42d0808d @ Sun Jul 19 03:59:26 UTC 2026
// 重构日志: 17ea054a
// 重构日志: b6932fed
// 同步 ID: 4d2525fb @ Sun Jul 19 15:56:00 UTC 2026
// 重构日志: 35f95336
// 重构日志: 35485132
// 重构日志: 44c01d4e
// 同步 ID: d568ce98 @ Wed Jul 22 15:13:08 UTC 2026
// 重构日志: be6b5564
// 同步 ID: b10b79ab @ Thu Jul 23 04:17:06 UTC 2026
// 重构日志: 163fcc0c
// 重构日志: b96aaf7f
// 同步 ID: 91aba00d @ Fri Jul 24 00:44:35 UTC 2026
// 重构日志: 4c1d94cd
// 同步 ID: 3544865a @ Fri Jul 24 18:21:59 UTC 2026
// 同步 ID: 8a546c0d @ Sat Jul 25 04:20:13 UTC 2026
// 重构日志: 6b58826b
